./availability/condition/profile/lang/en/availability_profile.php
./availability/condition/date/lang/en/availability_date.php
./availability/condition/grouping/lang/en/availability_grouping.php
./availability/condition/completion/lang/en/availability_completion.php
./availability/condition/grade/lang/en/availability_grade.php
./availability/condition/group/lang/en/availability_group.php
./media/player/html5audio/lang/en/media_html5audio.php
./media/player/videojs/lang/en/media_videojs.php
./media/player/vimeo/lang/en/media_vimeo.php
./media/player/html5video/lang/en/media_html5video.php
./media/player/swf/lang/en/media_swf.php
./media/player/youtube/lang/en/media_youtube.php
./install/lang/de_kids/langconfig.php
./install/lang/rm_surs/langconfig.php
./install/lang/rm_surs/moodle.php
./install/lang/rm_surs/admin.php
./install/lang/ta_lk/error.php
./install/lang/ta_lk/langconfig.php
./install/lang/ta_lk/moodle.php
./install/lang/ta_lk/admin.php
./install/lang/ta_lk/install.php
./install/lang/sv/error.php
./install/lang/sv/langconfig.php
./install/lang/sv/moodle.php
./install/lang/sv/admin.php
./install/lang/sv/install.php
./install/lang/ti/langconfig.php
./install/lang/ti/moodle.php
./install/lang/et/error.php
./install/lang/et/langconfig.php
./install/lang/et/moodle.php
./install/lang/et/admin.php
./install/lang/et/install.php
./install/lang/ps/langconfig.php
./install/lang/pl/error.php
./install/lang/pl/langconfig.php
./install/lang/pl/moodle.php
./install/lang/pl/admin.php
./install/lang/pl/install.php
./install/lang/pt/error.php
./install/lang/pt/langconfig.php
./install/lang/pt/moodle.php
./install/lang/pt/admin.php
./install/lang/pt/install.php
./install/lang/lt/error.php
./install/lang/lt/langconfig.php
./install/lang/lt/moodle.php
./install/lang/lt/admin.php
./install/lang/lt/install.php
./install/lang/dsb/langconfig.php
./install/lang/es/error.php
./install/lang/es/langconfig.php
./install/lang/es/moodle.php
./install/lang/es/admin.php
./install/lang/es/install.php
./install/lang/sk/error.php
./install/lang/sk/langconfig.php
./install/lang/sk/moodle.php
./install/lang/sk/admin.php
./install/lang/sk/install.php
./install/lang/da_kursus/langconfig.php
./install/lang/sv_fi/langconfig.php
./install/lang/sv_fi/moodle.php
./install/lang/sv_fi/install.php
./install/lang/af/langconfig.php
./install/lang/af/moodle.php
./install/lang/af/admin.php
./install/lang/af/install.php
./install/lang/sr_lt/error.php
./install/lang/sr_lt/langconfig.php
./install/lang/sr_lt/moodle.php
./install/lang/sr_lt/admin.php
./install/lang/sr_lt/install.php
./install/lang/zgh/langconfig.php
./install/lang/ro/error.php
./install/lang/ro/langconfig.php
./install/lang/ro/moodle.php
./install/lang/ro/admin.php
./install/lang/ro/install.php
./install/lang/en_us_k12/langconfig.php
./install/lang/ar/error.php
./install/lang/ar/langconfig.php
./install/lang/ar/moodle.php
./install/lang/ar/admin.php
./install/lang/ar/install.php
./install/lang/zh_cn/error.php
./install/lang/zh_cn/langconfig.php
./install/lang/zh_cn/moodle.php
./install/lang/zh_cn/admin.php
./install/lang/zh_cn/install.php
./install/lang/fr/error.php
./install/lang/fr/langconfig.php
./install/lang/fr/moodle.php
./install/lang/fr/admin.php
./install/lang/fr/install.php
./install/lang/km/error.php
./install/lang/km/langconfig.php
./install/lang/km/moodle.php
./install/lang/km/admin.php
./install/lang/km/install.php
./install/lang/pan/langconfig.php
./install/lang/zh_tw/error.php
./install/lang/zh_tw/langconfig.php
./install/lang/zh_tw/moodle.php
./install/lang/zh_tw/admin.php
./install/lang/zh_tw/install.php
./install/lang/mi/langconfig.php
./install/lang/to/langconfig.php
./install/lang/to/moodle.php
./install/lang/to/install.php
./install/lang/se/langconfig.php
./install/lang/sma/langconfig.php
./install/lang/ml/langconfig.php
./install/lang/ml/moodle.php
./install/lang/mis/langconfig.php
./install/lang/mi_wwow/error.php
./install/lang/mi_wwow/langconfig.php
./install/lang/mi_wwow/moodle.php
./install/lang/mi_wwow/admin.php
./install/lang/mi_wwow/install.php
./install/lang/sq/langconfig.php
./install/lang/sq/moodle.php
./install/lang/hi/langconfig.php
./install/lang/hi/moodle.php
./install/lang/hi/admin.php
./install/lang/ky/langconfig.php
./install/lang/wo/langconfig.php
./install/lang/en_us/langconfig.php
./install/lang/en_us/admin.php
./install/lang/en_us/install.php
./install/lang/am/langconfig.php
./install/lang/am/moodle.php
./install/lang/am/install.php
./install/lang/id/langconfig.php
./install/lang/id/moodle.php
./install/lang/id/admin.php
./install/lang/es_mx_kids/langconfig.php
./install/lang/mn_mong/langconfig.php
./install/lang/en/error.php
./install/lang/en/langconfig.php
./install/lang/en/moodle.php
./install/lang/en/admin.php
./install/lang/en/install.php
./install/lang/tt/langconfig.php
./install/lang/ha/langconfig.php
./install/lang/lt_uni/error.php
./install/lang/lt_uni/langconfig.php
./install/lang/lt_uni/moodle.php
./install/lang/lt_uni/admin.php
./install/lang/lt_uni/install.php
./install/lang/oc_es/langconfig.php
./install/lang/it/error.php
./install/lang/it/langconfig.php
./install/lang/it/moodle.php
./install/lang/it/admin.php
./install/lang/it/install.php
./install/lang/ms/langconfig.php
./install/lang/ms/moodle.php
./install/lang/ms/admin.php
./install/lang/ms/install.php
./install/lang/la/langconfig.php
./install/lang/la/moodle.php
./install/lang/vi/error.php
./install/lang/vi/langconfig.php
./install/lang/vi/moodle.php
./install/lang/vi/admin.php
./install/lang/vi/install.php
./install/lang/gu/error.php
./install/lang/gu/langconfig.php
./install/lang/gu/moodle.php
./install/lang/gl/error.php
./install/lang/gl/langconfig.php
./install/lang/gl/moodle.php
./install/lang/gl/admin.php
./install/lang/gl/install.php
./install/lang/mi_tn/langconfig.php
./install/lang/mi_tn/moodle.php
./install/lang/mr/error.php
./install/lang/mr/langconfig.php
./install/lang/mr/moodle.php
./install/lang/mr/admin.php
./install/lang/mr/install.php
./install/lang/uz/langconfig.php
./install/lang/uz/moodle.php
./install/lang/uz/install.php
./install/lang/de/error.php
./install/lang/de/langconfig.php
./install/lang/de/moodle.php
./install/lang/de/admin.php
./install/lang/de/install.php
./install/lang/de_comm/langconfig.php
./install/lang/ta/error.php
./install/lang/ta/langconfig.php
./install/lang/ta/moodle.php
./install/lang/ta/admin.php
./install/lang/ta/install.php
./install/lang/mk/error.php
./install/lang/mk/langconfig.php
./install/lang/mk/moodle.php
./install/lang/mk/admin.php
./install/lang/mk/install.php
./install/lang/mn/error.php
./install/lang/mn/langconfig.php
./install/lang/mn/moodle.php
./install/lang/mn/admin.php
./install/lang/mn/install.php
./install/lang/gd/langconfig.php
./install/lang/gd/moodle.php
./install/lang/ka/langconfig.php
./install/lang/ka/moodle.php
./install/lang/ka/admin.php
./install/lang/ka/install.php
./install/lang/ur/langconfig.php
./install/lang/ur/moodle.php
./install/lang/ur/install.php
./install/lang/lo/langconfig.php
./install/lang/lo/moodle.php
./install/lang/lo/admin.php
./install/lang/lo/install.php
./install/lang/eu/error.php
./install/lang/eu/langconfig.php
./install/lang/eu/moodle.php
./install/lang/eu/admin.php
./install/lang/eu/install.php
./install/lang/kk/langconfig.php
./install/lang/kk/moodle.php
./install/lang/kk/install.php
./install/lang/sm/langconfig.php
./install/lang/sm/moodle.php
./install/lang/sm/install.php
./install/lang/eo/langconfig.php
./install/lang/eo/moodle.php
./install/lang/uk/error.php
./install/lang/uk/langconfig.php
./install/lang/uk/moodle.php
./install/lang/uk/admin.php
./install/lang/uk/install.php
./install/lang/sl/error.php
./install/lang/sl/langconfig.php
./install/lang/sl/moodle.php
./install/lang/sl/admin.php
./install/lang/sl/install.php
./install/lang/fi/error.php
./install/lang/fi/langconfig.php
./install/lang/fi/moodle.php
./install/lang/fi/admin.php
./install/lang/fi/install.php
./install/lang/tr/error.php
./install/lang/tr/langconfig.php
./install/lang/tr/moodle.php
./install/lang/tr/admin.php
./install/lang/tr/install.php
./install/lang/fo/langconfig.php
./install/lang/fo/moodle.php
./install/lang/fo/admin.php
./install/lang/bn/error.php
./install/lang/bn/langconfig.php
./install/lang/bn/moodle.php
./install/lang/bn/admin.php
./install/lang/bn/install.php
./install/lang/cs/error.php
./install/lang/cs/langconfig.php
./install/lang/cs/moodle.php
./install/lang/cs/admin.php
./install/lang/cs/install.php
./install/lang/hy/error.php
./install/lang/hy/langconfig.php
./install/lang/hy/moodle.php
./install/lang/hy/admin.php
./install/lang/hy/install.php
./install/lang/my/langconfig.php
./install/lang/ckb/error.php
./install/lang/ckb/langconfig.php
./install/lang/ckb/moodle.php
./install/lang/ckb/admin.php
./install/lang/or/langconfig.php
./install/lang/he/error.php
./install/lang/he/langconfig.php
./install/lang/he/moodle.php
./install/lang/he/admin.php
./install/lang/he/install.php
./install/lang/ca/error.php
./install/lang/ca/langconfig.php
./install/lang/ca/moodle.php
./install/lang/ca/admin.php
./install/lang/ca/install.php
./install/lang/dv/error.php
./install/lang/dv/langconfig.php
./install/lang/dv/moodle.php
./install/lang/dv/admin.php
./install/lang/dv/install.php
./install/lang/mg/langconfig.php
./install/lang/ne/langconfig.php
./install/lang/ne/moodle.php
./install/lang/ne/install.php
./install/lang/es_co/langconfig.php
./install/lang/es_co/install.php
./install/lang/nn/langconfig.php
./install/lang/nn/moodle.php
./install/lang/fa/error.php
./install/lang/fa/langconfig.php
./install/lang/fa/moodle.php
./install/lang/fa/admin.php
./install/lang/fa/install.php
./install/lang/tl/error.php
./install/lang/tl/langconfig.php
./install/lang/tl/moodle.php
./install/lang/tl/admin.php
./install/lang/tl/install.php
./install/lang/fil/langconfig.php
./install/lang/fil/moodle.php
./install/lang/tg/error.php
./install/lang/tg/langconfig.php
./install/lang/tg/moodle.php
./install/lang/tg/admin.php
./install/lang/tg/install.php
./install/lang/az/error.php
./install/lang/az/langconfig.php
./install/lang/az/moodle.php
./install/lang/az/admin.php
./install/lang/az/install.php
./install/lang/ig/langconfig.php
./install/lang/he_kids/langconfig.php
./install/lang/lv/error.php
./install/lang/lv/langconfig.php
./install/lang/lv/moodle.php
./install/lang/lv/admin.php
./install/lang/lv/install.php
./install/lang/pcm/langconfig.php
./install/lang/oc_lnc/error.php
./install/lang/oc_lnc/langconfig.php
./install/lang/oc_lnc/moodle.php
./install/lang/oc_lnc/admin.php
./install/lang/oc_lnc/install.php
./install/lang/kmr/langconfig.php
./install/lang/dz/error.php
./install/lang/dz/langconfig.php
./install/lang/dz/moodle.php
./install/lang/dz/admin.php
./install/lang/dz/install.php
./install/lang/br/langconfig.php
./install/lang/ee/langconfig.php
./install/lang/an/langconfig.php
./install/lang/es_mx/error.php
./install/lang/es_mx/langconfig.php
./install/lang/es_mx/moodle.php
./install/lang/es_mx/admin.php
./install/lang/es_mx/install.php
./install/lang/hat/langconfig.php
./install/lang/th/langconfig.php
./install/lang/th/moodle.php
./install/lang/th/admin.php
./install/lang/th/install.php
./install/lang/sr_cr/error.php
./install/lang/sr_cr/langconfig.php
./install/lang/sr_cr/moodle.php
./install/lang/sr_cr/admin.php
./install/lang/sr_cr/install.php
./install/lang/xct/langconfig.php
./install/lang/kn/langconfig.php
./install/lang/kn/moodle.php
./install/lang/kn/install.php
./install/lang/haw/langconfig.php
./install/lang/te/error.php
./install/lang/te/langconfig.php
./install/lang/te/moodle.php
./install/lang/te/admin.php
./install/lang/te/install.php
./install/lang/ga/error.php
./install/lang/ga/langconfig.php
./install/lang/ga/moodle.php
./install/lang/mh/langconfig.php
./install/lang/smj/langconfig.php
./install/lang/oc_gsc/error.php
./install/lang/oc_gsc/langconfig.php
./install/lang/oc_gsc/moodle.php
./install/lang/oc_gsc/admin.php
./install/lang/oc_gsc/install.php
./install/lang/bi/langconfig.php
./install/lang/nl/error.php
./install/lang/nl/langconfig.php
./install/lang/nl/moodle.php
./install/lang/nl/admin.php
./install/lang/nl/install.php
./install/lang/ba/langconfig.php
./install/lang/bs/error.php
./install/lang/bs/langconfig.php
./install/lang/bs/moodle.php
./install/lang/bs/admin.php
./install/lang/bs/install.php
./install/lang/tn/langconfig.php
./install/lang/hr/error.php
./install/lang/hr/langconfig.php
./install/lang/hr/moodle.php
./install/lang/hr/admin.php
./install/lang/hr/install.php
./install/lang/da/error.php
./install/lang/da/langconfig.php
./install/lang/da/moodle.php
./install/lang/da/admin.php
./install/lang/da/install.php
./install/lang/no_gr/langconfig.php
./install/lang/no_gr/moodle.php
./install/lang/en_kids/langconfig.php
./install/lang/si/error.php
./install/lang/si/langconfig.php
./install/lang/si/moodle.php
./install/lang/si/admin.php
./install/lang/si/install.php
./install/lang/pt_br/error.php
./install/lang/pt_br/langconfig.php
./install/lang/pt_br/moodle.php
./install/lang/pt_br/admin.php
./install/lang/pt_br/install.php
./install/lang/el/error.php
./install/lang/el/langconfig.php
./install/lang/el/moodle.php
./install/lang/el/admin.php
./install/lang/el/install.php
./install/lang/kab/langconfig.php
./install/lang/de_du/error.php
./install/lang/de_du/langconfig.php
./install/lang/de_du/install.php
./install/lang/bg/error.php
./install/lang/bg/langconfig.php
./install/lang/bg/moodle.php
./install/lang/bg/admin.php
./install/lang/bg/install.php
./install/lang/be/langconfig.php
./install/lang/be/moodle.php
./install/lang/is/error.php
./install/lang/is/langconfig.php
./install/lang/is/moodle.php
./install/lang/is/admin.php
./install/lang/is/install.php
./install/lang/ja/error.php
./install/lang/ja/langconfig.php
./install/lang/ja/moodle.php
./install/lang/ja/admin.php
./install/lang/ja/install.php
./install/lang/es_ve/langconfig.php
./install/lang/da_rum/langconfig.php
./install/lang/ko/error.php
./install/lang/ko/langconfig.php
./install/lang/ko/moodle.php
./install/lang/ko/admin.php
./install/lang/ko/install.php
./install/lang/no/error.php
./install/lang/no/langconfig.php
./install/lang/no/moodle.php
./install/lang/no/admin.php
./install/lang/no/install.php
./install/lang/zu/error.php
./install/lang/zu/langconfig.php
./install/lang/zu/install.php
./install/lang/lb/langconfig.php
./install/lang/lb/admin.php
./install/lang/hu/error.php
./install/lang/hu/langconfig.php
./install/lang/hu/moodle.php
./install/lang/hu/admin.php
./install/lang/hu/install.php
./install/lang/ast/error.php
./install/lang/ast/langconfig.php
./install/lang/ast/moodle.php
./install/lang/ast/admin.php
./install/lang/ast/install.php
./install/lang/fr_ca/langconfig.php
./install/lang/fr_ca/moodle.php
./install/lang/fr_ca/install.php
./install/lang/so/langconfig.php
./install/lang/so/moodle.php
./install/lang/so/admin.php
./install/lang/so/install.php
./install/lang/fj/langconfig.php
./install/lang/fj/moodle.php
./install/lang/fj/admin.php
./install/lang/en_ar/error.php
./install/lang/en_ar/langconfig.php
./install/lang/en_ar/admin.php
./install/lang/en_ar/install.php
./install/lang/fi_co/langconfig.php
./install/lang/kl/langconfig.php
./install/lang/kl/moodle.php
./install/lang/cy/error.php
./install/lang/cy/langconfig.php
./install/lang/cy/moodle.php
./install/lang/cy/admin.php
./install/lang/cy/install.php
./install/lang/ca_valencia/error.php
./install/lang/ca_valencia/langconfig.php
./install/lang/ca_valencia/admin.php
./install/lang/ca_valencia/install.php
./install/lang/ru/error.php
./install/lang/ru/langconfig.php
./install/lang/ru/moodle.php
./install/lang/ru/admin.php
./install/lang/ru/install.php
./install/lang/tk/langconfig.php
./install/lang/ja_kids/langconfig.php
./install/lang/sw/langconfig.php
./install/lang/sw/admin.php
./question/behaviour/informationitem/lang/en/qbehaviour_informationitem.php
./question/behaviour/deferredcbm/lang/en/qbehaviour_deferredcbm.php
./question/behaviour/adaptivenopenalty/lang/en/qbehaviour_adaptivenopenalty.php
./question/behaviour/interactive/lang/en/qbehaviour_interactive.php
./question/behaviour/interactivecountback/lang/en/qbehaviour_interactivecountback.php
./question/behaviour/immediatefeedback/lang/en/qbehaviour_immediatefeedback.php
./question/behaviour/missing/lang/en/qbehaviour_missing.php
./question/behaviour/deferredfeedback/lang/en/qbehaviour_deferredfeedback.php
./question/behaviour/adaptive/lang/en/qbehaviour_adaptive.php
./question/behaviour/manualgraded/lang/en/qbehaviour_manualgraded.php
./question/behaviour/immediatecbm/lang/en/qbehaviour_immediatecbm.php
./question/format/blackboard_six/lang/en/qformat_blackboard_six.php
./question/format/examview/lang/en/qformat_examview.php
./question/format/missingword/lang/en/qformat_missingword.php
./question/format/xml/lang/en/qformat_xml.php
./question/format/multianswer/lang/en/qformat_multianswer.php
./question/format/xhtml/lang/en/qformat_xhtml.php
./question/format/aiken/lang/en/qformat_aiken.php
./question/format/gift/lang/en/qformat_gift.php
./question/format/webct/lang/en/qformat_webct.php
./question/type/calculatedmulti/lang/en/qtype_calculatedmulti.php
./question/type/ddmarker/lang/en/qtype_ddmarker.php
./question/type/ddwtos/lang/en/qtype_ddwtos.php
./question/type/gapselect/lang/en/qtype_gapselect.php
./question/type/calculatedsimple/lang/en/qtype_calculatedsimple.php
./question/type/ddimageortext/lang/en/qtype_ddimageortext.php
./question/type/missingtype/lang/en/qtype_missingtype.php
./question/type/calculated/lang/en/qtype_calculated.php
./question/type/essay/lang/en/qtype_essay.php
./question/type/multichoice/lang/en/qtype_multichoice.php
./question/type/description/lang/en/qtype_description.php
./question/type/multianswer/lang/en/qtype_multianswer.php
./question/type/numerical/lang/en/qtype_numerical.php
./question/type/random/lang/en/qtype_random.php
./question/type/match/lang/en/qtype_match.php
./question/type/shortanswer/lang/en/qtype_shortanswer.php
./question/type/truefalse/lang/en/qtype_truefalse.php
./question/type/randomsamatch/lang/en/qtype_randomsamatch.php
./blocks/admin_bookmarks/lang/en/block_admin_bookmarks.php
./blocks/calendar_month/lang/en/block_calendar_month.php
./blocks/course_list/lang/en/block_course_list.php
./blocks/search_forums/lang/en/block_search_forums.php
./blocks/feedback/lang/en/block_feedback.php
./blocks/glossary_random/lang/en/block_glossary_random.php
./blocks/rss_client/lang/en/block_rss_client.php
./blocks/html/lang/en/block_html.php
./blocks/community/lang/en/block_community.php
./blocks/tag_flickr/lang/en/block_tag_flickr.php
./blocks/calendar_upcoming/lang/en/block_calendar_upcoming.php
./blocks/site_main_menu/lang/en/block_site_main_menu.php
./blocks/activity_results/lang/en/block_activity_results.php
./blocks/comments/lang/en/block_comments.php
./blocks/lp/lang/en/block_lp.php
./blocks/login/lang/en/block_login.php
./blocks/badges/lang/en/block_badges.php
./blocks/private_files/lang/en/block_private_files.php
./blocks/mnet_hosts/lang/en/block_mnet_hosts.php
./blocks/online_users/lang/en/block_online_users.php
./blocks/tags/lang/en/block_tags.php
./blocks/news_items/lang/en/block_news_items.php
./blocks/selfcompletion/lang/en/block_selfcompletion.php
./blocks/social_activities/lang/en/block_social_activities.php
./blocks/settings/lang/en/block_settings.php
./blocks/myoverview/lang/en/block_myoverview.php
./blocks/activity_modules/lang/en/block_activity_modules.php
./blocks/completionstatus/lang/en/block_completionstatus.php
./blocks/blog_tags/lang/en/block_blog_tags.php
./blocks/course_summary/lang/en/block_course_summary.php
./blocks/myprofile/lang/en/block_myprofile.php
./blocks/blog_recent/lang/en/block_blog_recent.php
./blocks/navigation/lang/en/block_navigation.php
./blocks/recent_activity/lang/en/block_recent_activity.php
./blocks/participants/lang/en/block_participants.php
./blocks/messages/lang/en/block_messages.php
./blocks/mentees/lang/en/block_mentees.php
./blocks/section_links/lang/en/block_section_links.php
./blocks/quiz_results/lang/en/block_quiz_results.php
./blocks/tag_youtube/lang/en/block_tag_youtube.php
./blocks/globalsearch/lang/en/block_globalsearch.php
./blocks/blog_menu/lang/en/block_blog_menu.php
./admin/tool/behat/lang/en/tool_behat.php
./admin/tool/phpunit/lang/en/tool_phpunit.php
./admin/tool/task/lang/en/tool_task.php
./admin/tool/generator/lang/en/tool_generator.php
./admin/tool/messageinbound/lang/en/tool_messageinbound.php
./admin/tool/uploaduser/lang/en/tool_uploaduser.php
./admin/tool/unsuproles/lang/en/tool_unsuproles.php
./admin/tool/lpimportcsv/lang/en/tool_lpimportcsv.php
./admin/tool/filetypes/lang/en/tool_filetypes.php
./admin/tool/lp/lang/en/tool_lp.php
./admin/tool/log/lang/en/tool_log.php
./admin/tool/log/store/legacy/lang/en/logstore_legacy.php
./admin/tool/log/store/standard/lang/en/logstore_standard.php
./admin/tool/log/store/database/lang/en/logstore_database.php
./admin/tool/installaddon/lang/en/tool_installaddon.php
./admin/tool/spamcleaner/lang/en/tool_spamcleaner.php
./admin/tool/dbtransfer/lang/en/tool_dbtransfer.php
./admin/tool/customlang/index.php
./admin/tool/customlang/edit.php
./admin/tool/customlang/version.php
./admin/tool/customlang/filter_form.php
./admin/tool/customlang/locallib.php
./admin/tool/customlang/lang/en/tool_customlang.php
./admin/tool/customlang/settings.php
./admin/tool/customlang/lib.php
./admin/tool/customlang/renderer.php
./admin/tool/customlang/db/upgrade.php
./admin/tool/customlang/db/access.php
./admin/tool/customlang/db/install.php
./admin/tool/monitor/lang/en/tool_monitor.php
./admin/tool/recyclebin/lang/en/tool_recyclebin.php
./admin/tool/innodb/lang/en/tool_innodb.php
./admin/tool/mobile/lang/en/tool_mobile.php
./admin/tool/lpmigrate/lang/en/tool_lpmigrate.php
./admin/tool/usertours/lang/en/tool_usertours.php
./admin/tool/cohortroles/lang/en/tool_cohortroles.php
./admin/tool/replace/lang/en/tool_replace.php
./admin/tool/templatelibrary/lang/en/tool_templatelibrary.php
./admin/tool/xmldb/lang/en/tool_xmldb.php
./admin/tool/health/lang/en/tool_health.php
./admin/tool/profiling/lang/en/tool_profiling.php
./admin/tool/capability/lang/en/tool_capability.php
./admin/tool/uploadcourse/lang/en/tool_uploadcourse.php
./admin/tool/oauth2/lang/en/tool_oauth2.php
./admin/tool/assignmentupgrade/lang/en/tool_assignmentupgrade.php
./admin/tool/langimport/index.php
./admin/tool/langimport/tests/behat/behat_tool_langimport.php
./admin/tool/langimport/tests/events_test.php
./admin/tool/langimport/version.php
./admin/tool/langimport/lang/en/tool_langimport.php
./admin/tool/langimport/settings.php
./admin/tool/langimport/lib.php
./admin/tool/langimport/classes/task/update_langpacks_task.php
./admin/tool/langimport/classes/controller.php
./admin/tool/langimport/classes/event/langpack_imported.php
./admin/tool/langimport/classes/event/langpack_removed.php
./admin/tool/langimport/classes/event/langpack_updated.php
./admin/tool/langimport/classes/output/langimport_page.php
./admin/tool/langimport/classes/output/renderer.php
./admin/tool/langimport/db/tasks.php
./admin/tool/availabilityconditions/lang/en/tool_availabilityconditions.php
./admin/tool/multilangupgrade/index.php
./admin/tool/multilangupgrade/version.php
./admin/tool/multilangupgrade/lang/en/tool_multilangupgrade.php
./admin/tool/multilangupgrade/settings.php
./admin/settings/language.php
./cache/locks/file/lang/en/cachelock_file.php
./cache/stores/static/lang/en/cachestore_static.php
./cache/stores/mongodb/lang/en/cachestore_mongodb.php
./cache/stores/memcached/lang/en/cachestore_memcached.php
./cache/stores/memcache/lang/en/cachestore_memcache.php
./cache/stores/session/lang/en/cachestore_session.php
./cache/stores/file/lang/en/cachestore_file.php
./cache/stores/redis/lang/en/cachestore_redis.php
./cache/stores/apcu/lang/en/cachestore_apcu.php
./course/format/singleactivity/lang/en/format_singleactivity.php
./course/format/topics/lang/en/format_topics.php
./course/format/weeks/lang/en/format_weeks.php
./course/format/social/lang/en/format_social.php
./enrol/ldap/lang/en/enrol_ldap.php
./enrol/lti/lang/en/enrol_lti.php
./enrol/flatfile/lang/en/enrol_flatfile.php
./enrol/category/lang/en/enrol_category.php
./enrol/imsenterprise/lang/en/enrol_imsenterprise.php
./enrol/meta/lang/en/enrol_meta.php
./enrol/self/lang/en/enrol_self.php
./enrol/guest/lang/en/enrol_guest.php
./enrol/cohort/lang/en/enrol_cohort.php
./enrol/database/lang/en/enrol_database.php
./enrol/paypal/lang/en/enrol_paypal.php
./enrol/manual/lang/en/enrol_manual.php
./enrol/mnet/lang/en/enrol_mnet.php
./auth/ldap/lang/en/auth_ldap.php
./auth/cas/languages.php
./auth/cas/lang/en/auth_cas.php
./auth/fc/lang/en/auth_fc.php
./auth/lti/lang/en/auth_lti.php
./auth/shibboleth/lang/en/auth_shibboleth.php
./auth/email/lang/en/auth_email.php
./auth/imap/lang/en/auth_imap.php
./auth/pam/lang/en/auth_pam.php
./auth/webservice/lang/en/auth_webservice.php
./auth/nntp/lang/en/auth_nntp.php
./auth/pop3/lang/en/auth_pop3.php
./auth/manual/lang/en/auth_manual.php
./auth/nologin/lang/en/auth_nologin.php
./auth/none/lang/en/auth_none.php
./auth/mnet/lang/en/auth_mnet.php
./auth/oauth2/lang/en/auth_oauth2.php
./auth/db/lang/en/auth_db.php
./webservice/xmlrpc/lang/en/webservice_xmlrpc.php
./webservice/rest/lang/en/webservice_rest.php
./webservice/soap/lang/en/webservice_soap.php
./files/converter/googledrive/lang/en/fileconverter_googledrive.php
./files/converter/unoconv/lang/en/fileconverter_unoconv.php
./mod/label/lang/en/label.php
./mod/lti/service/profile/lang/en/ltiservice_profile.php
./mod/lti/service/toolproxy/lang/en/ltiservice_toolproxy.php
./mod/lti/service/memberships/lang/en/ltiservice_memberships.php
./mod/lti/service/toolsettings/lang/en/ltiservice_toolsettings.php
./mod/lti/lang/en/lti.php
./mod/feedback/lang/en/feedback.php
./mod/folder/lang/en/folder.php
./mod/data/preset/imagegallery/lang/en/datapreset_imagegallery.php
./mod/data/field/date/lang/en/datafield_date.php
./mod/data/field/textarea/lang/en/datafield_textarea.php
./mod/data/field/radiobutton/lang/en/datafield_radiobutton.php
./mod/data/field/number/lang/en/datafield_number.php
./mod/data/field/menu/lang/en/datafield_menu.php
./mod/data/field/text/lang/en/datafield_text.php
./mod/data/field/multimenu/lang/en/datafield_multimenu.php
./mod/data/field/latlong/lang/en/datafield_latlong.php
./mod/data/field/checkbox/lang/en/datafield_checkbox.php
./mod/data/field/url/lang/en/datafield_url.php
./mod/data/field/file/lang/en/datafield_file.php
./mod/data/field/picture/lang/en/datafield_picture.php
./mod/data/lang/en/data.php
./mod/choice/lang/en/choice.php
./mod/scorm/lang/en/scorm.php
./mod/scorm/report/graphs/lang/en/scormreport_graphs.php
./mod/scorm/report/objectives/lang/en/scormreport_objectives.php
./mod/scorm/report/interactions/lang/en/scormreport_interactions.php
./mod/scorm/report/basic/lang/en/scormreport_basic.php
./mod/wiki/lang/en/wiki.php
./mod/workshop/eval/best/lang/en/workshopeval_best.php
./mod/workshop/lang/en/workshop.php
./mod/workshop/form/accumulative/lang/en/workshopform_accumulative.php
./mod/workshop/form/comments/lang/en/workshopform_comments.php
./mod/workshop/form/numerrors/lang/en/workshopform_numerrors.php
./mod/workshop/form/rubric/lang/en/workshopform_rubric.php
./mod/workshop/allocation/scheduled/lang/en/workshopallocation_scheduled.php
./mod/workshop/allocation/manual/lang/en/workshopallocation_manual.php
./mod/workshop/allocation/random/lang/en/workshopallocation_random.php
./mod/chat/lang/en/chat.php
./mod/assign/submission/comments/lang/en/assignsubmission_comments.php
./mod/assign/submission/onlinetext/lang/en/assignsubmission_onlinetext.php
./mod/assign/submission/file/lang/en/assignsubmission_file.php
./mod/assign/feedback/offline/lang/en/assignfeedback_offline.php
./mod/assign/feedback/comments/lang/en/assignfeedback_comments.php
./mod/assign/feedback/editpdf/lang/id/assignfeedback_editpdf.php
./mod/assign/feedback/editpdf/lang/en/assignfeedback_editpdf.php
./mod/assign/feedback/file/lang/en/assignfeedback_file.php
./mod/assign/lang/id/assign.php
./mod/assign/lang/en/assign.php
./mod/quiz/lang/en/quiz.php
./mod/quiz/accessrule/ipaddress/lang/en/quizaccess_ipaddress.php
./mod/quiz/accessrule/numattempts/lang/en/quizaccess_numattempts.php
./mod/quiz/accessrule/offlineattempts/lang/en/quizaccess_offlineattempts.php
./mod/quiz/accessrule/openclosedate/lang/en/quizaccess_openclosedate.php
./mod/quiz/accessrule/password/lang/en/quizaccess_password.php
./mod/quiz/accessrule/securewindow/lang/en/quizaccess_securewindow.php
./mod/quiz/accessrule/timelimit/lang/en/quizaccess_timelimit.php
./mod/quiz/accessrule/safebrowser/lang/en/quizaccess_safebrowser.php
./mod/quiz/accessrule/delaybetweenattempts/lang/en/quizaccess_delaybetweenattempts.php
./mod/quiz/report/overview/lang/en/quiz_overview.php
./mod/quiz/report/statistics/lang/en/quiz_statistics.php
./mod/quiz/report/grading/lang/en/quiz_grading.php
./mod/quiz/report/responses/lang/en/quiz_responses.php
./mod/assignment/type/upload/lang/en/assignment_upload.php
./mod/assignment/type/offline/lang/en/assignment_offline.php
./mod/assignment/type/online/lang/en/assignment_online.php
./mod/assignment/type/uploadsingle/lang/en/assignment_uploadsingle.php
./mod/assignment/lang/en/assignment.php
./mod/forum/lang/en/forum.php
./mod/lesson/lang/en/lesson.php
./mod/page/lang/en/page.php
./mod/survey/lang/en/survey.php
./mod/url/lang/en/url.php
./mod/glossary/lang/en/glossary.php
./mod/resource/lang/en/resource.php
./mod/imscp/lang/en/imscp.php
./mod/book/tool/exportimscp/lang/en/booktool_exportimscp.php
./mod/book/tool/print/lang/en/booktool_print.php
./mod/book/tool/importhtml/lang/en/booktool_importhtml.php
./mod/book/lang/en/book.php
./user/profile/field/textarea/lang/en/profilefield_textarea.php
./user/profile/field/menu/lang/en/profilefield_menu.php
./user/profile/field/text/lang/en/profilefield_text.php
./user/profile/field/checkbox/lang/en/profilefield_checkbox.php
./user/profile/field/datetime/lang/en/profilefield_datetime.php
./user/language_form.php
./user/language.php
./theme/boost/lang/en/theme_boost.php
./theme/more/lang/en/theme_more.php
./theme/clean/lang/en/theme_clean.php
./theme/bootstrapbase/lang/en/theme_bootstrapbase.php
./repository/recent/lang/en/repository_recent.php
./repository/picasa/lang/en/repository_picasa.php
./repository/flickr_public/lang/en/repository_flickr_public.php
./repository/upload/lang/en/repository_upload.php
./repository/filesystem/lang/en/repository_filesystem.php
./repository/equella/lang/en/repository_equella.php
./repository/local/lang/en/repository_local.php
./repository/boxnet/lang/en/repository_boxnet.php
./repository/user/lang/en/repository_user.php
./repository/webdav/lang/en/repository_webdav.php
./repository/youtube/lang/en/repository_youtube.php
./repository/areafiles/lang/en/repository_areafiles.php
./repository/googledocs/lang/en/repository_googledocs.php
./repository/url/lang/en/repository_url.php
./repository/onedrive/lang/en/repository_onedrive.php
./repository/s3/lang/en/repository_s3.php
./repository/skydrive/lang/en/repository_skydrive.php
./repository/flickr/lang/en/repository_flickr.php
./repository/coursefiles/lang/en/repository_coursefiles.php
./repository/dropbox/lang/en/repository_dropbox.php
./repository/wikimedia/lang/en/repository_wikimedia.php
./repository/merlot/lang/en/repository_merlot.php
./portfolio/picasa/lang/en/portfolio_picasa.php
./portfolio/download/lang/en/portfolio_download.php
./portfolio/boxnet/lang/en/portfolio_boxnet.php
./portfolio/googledocs/lang/en/portfolio_googledocs.php
./portfolio/flickr/lang/en/portfolio_flickr.php
./portfolio/mahara/lang/en/portfolio_mahara.php
./lang/en/webservice.php
./lang/en/cache.php
./lang/en/dbtransfer.php
./lang/en/pix.php
./lang/en/edufields.php
./lang/en/calendar.php
./lang/en/blog.php
./lang/en/table.php
./lang/en/tag.php
./lang/en/error.php
./lang/en/currencies.php
./lang/en/grades.php
./lang/en/antivirus.php
./lang/en/notes.php
./lang/en/availability.php
./lang/en/grading.php
./lang/en/bulkusers.php
./lang/en/plugin.php
./lang/en/portfolio.php
./lang/en/langconfig.php
./lang/en/badges.php
./lang/en/role.php
./lang/en/pagetype.php
./lang/en/question.php
./lang/en/media.php
./lang/en/timezones.php
./lang/en/group.php
./lang/en/block.php
./lang/en/message.php
./lang/en/competency.php
./lang/en/userkey.php
./lang/en/my.php
./lang/en/repository.php
./lang/en/hub.php
./lang/en/editor.php
./lang/en/plagiarism.php
./lang/en/debug.php
./lang/en/mnet.php
./lang/en/moodle.php
./lang/en/countries.php
./lang/en/completion.php
./lang/en/backup.php
./lang/en/license.php
./lang/en/form.php
./lang/en/access.php
./lang/en/rating.php
./lang/en/admin.php
./lang/en/install.php
./lang/en/mathslib.php
./lang/en/mimetypes.php
./lang/en/filters.php
./lang/en/iso6392.php
./lang/en/auth.php
./lang/en/search.php
./lang/en/enrol.php
./lang/en/imscc.php
./lang/en/cohort.php
./filter/multilang/version.php
./filter/multilang/lang/en/filter_multilang.php
./filter/multilang/settings.php
./filter/multilang/filter.php
./filter/algebra/lang/en/filter_algebra.php
./filter/data/lang/en/filter_data.php
./filter/activitynames/lang/en/filter_activitynames.php
./filter/mathjaxloader/lang/en/filter_mathjaxloader.php
./filter/censor/lang/en/filter_censor.php
./filter/urltolink/lang/en/filter_urltolink.php
./filter/emailprotect/lang/en/filter_emailprotect.php
./filter/tidy/lang/en/filter_tidy.php
./filter/tex/lang/en/filter_tex.php
./filter/mediaplugin/lang/en/filter_mediaplugin.php
./filter/glossary/lang/en/filter_glossary.php
./filter/emoticon/lang/en/filter_emoticon.php
./calendar/type/gregorian/lang/en/calendartype_gregorian.php
./message/output/jabber/lang/en/message_jabber.php
./message/output/email/lang/en/message_email.php
./message/output/airnotifier/lang/en/message_airnotifier.php
./message/output/popup/lang/en/message_popup.php
./grade/import/csv/lang/en/gradeimport_csv.php
./grade/import/direct/lang/en/gradeimport_direct.php
./grade/import/xml/lang/en/gradeimport_xml.php
./grade/export/txt/lang/en/gradeexport_txt.php
./grade/export/xml/lang/en/gradeexport_xml.php
./grade/export/ods/lang/en/gradeexport_ods.php
./grade/export/xls/lang/en/gradeexport_xls.php
./grade/report/singleview/lang/en/gradereport_singleview.php
./grade/report/overview/lang/en/gradereport_overview.php
./grade/report/history/lang/en/gradereport_history.php
./grade/report/user/lang/en/gradereport_user.php
./grade/report/outcomes/lang/en/gradereport_outcomes.php
./grade/report/grader/lang/en/gradereport_grader.php
./grade/grading/form/guide/lang/en/gradingform_guide.php
./grade/grading/form/rubric/lang/en/gradingform_rubric.php
./lib/phpmailer/language/phpmailer.lang-ms.php
./lib/phpmailer/language/phpmailer.lang-no.php
./lib/phpmailer/language/phpmailer.lang-br.php
./lib/phpmailer/language/phpmailer.lang-fa.php
./lib/phpmailer/language/phpmailer.lang-ru.php
./lib/phpmailer/language/phpmailer.lang-zh_cn.php
./lib/phpmailer/language/phpmailer.lang-tr.php
./lib/phpmailer/language/phpmailer.lang-bg.php
./lib/phpmailer/language/phpmailer.lang-be.php
./lib/phpmailer/language/phpmailer.lang-gl.php
./lib/phpmailer/language/phpmailer.lang-hr.php
./lib/phpmailer/language/phpmailer.lang-uk.php
./lib/phpmailer/language/phpmailer.lang-ch.php
./lib/phpmailer/language/phpmailer.lang-id.php
./lib/phpmailer/language/phpmailer.lang-lv.php
./lib/phpmailer/language/phpmailer.lang-ar.php
./lib/phpmailer/language/phpmailer.lang-cz.php
./lib/phpmailer/language/phpmailer.lang-lt.php
./lib/phpmailer/language/phpmailer.lang-es.php
./lib/phpmailer/language/phpmailer.lang-fi.php
./lib/phpmailer/language/phpmailer.lang-el.php
./lib/phpmailer/language/phpmailer.lang-az.php
./lib/phpmailer/language/phpmailer.lang-fo.php
./lib/phpmailer/language/phpmailer.lang-pt.php
./lib/phpmailer/language/phpmailer.lang-dk.php
./lib/phpmailer/language/phpmailer.lang-hu.php
./lib/phpmailer/language/phpmailer.lang-sl.php
./lib/phpmailer/language/phpmailer.lang-se.php
./lib/phpmailer/language/phpmailer.lang-eo.php
./lib/phpmailer/language/phpmailer.lang-ro.php
./lib/phpmailer/language/phpmailer.lang-he.php
./lib/phpmailer/language/phpmailer.lang-nl.php
./lib/phpmailer/language/phpmailer.lang-it.php
./lib/phpmailer/language/phpmailer.lang-ko.php
./lib/phpmailer/language/phpmailer.lang-pl.php
./lib/phpmailer/language/phpmailer.lang-ca.php
./lib/phpmailer/language/phpmailer.lang-am.php
./lib/phpmailer/language/phpmailer.lang-ja.php
./lib/phpmailer/language/phpmailer.lang-sr.php
./lib/phpmailer/language/phpmailer.lang-zh.php
./lib/phpmailer/language/phpmailer.lang-de.php
./lib/phpmailer/language/phpmailer.lang-et.php
./lib/phpmailer/language/phpmailer.lang-vi.php
./lib/phpmailer/language/phpmailer.lang-fr.php
./lib/phpmailer/language/phpmailer.lang-ka.php
./lib/phpmailer/language/phpmailer.lang-sk.php
./lib/tests/fixtures/langtest/de_kids/langconfig.php
./lib/tests/fixtures/langtest/aa/langconfig.php
./lib/tests/fixtures/langtest/de/langconfig.php
./lib/tests/fixtures/langtest/cda/langconfig.php
./lib/tests/fixtures/langtest/cdc/langconfig.php
./lib/tests/fixtures/langtest/bb/langconfig.php
./lib/tests/fixtures/langtest/bc/langconfig.php
./lib/tests/fixtures/langtest/de_du/langconfig.php
./lib/tests/fixtures/langtest/sd/langconfig.php
./lib/tests/fixtures/langtest/cdb/langconfig.php
./lib/tests/fixtures/update_validator/plugindir/legacymod/lang/en/legacymod.php
./lib/tests/fixtures/update_validator/plugindir/foobar/lang/en/local_foobar.php
./lib/tests/fixtures/update_validator/noversionmod/noversion/lang/en/noversion.php
./lib/tests/fixtures/update_validator/nowrapdir/lang/en/foo.php
./lib/tests/fixtures/update_validator/github/moodle-repository_mahara-master/lang/en/repository_mahara.php
./lib/tests/fixtures/update_validator/nocomponent/baz/lang/en/auth_baz.php
./lib/tests/fixtures/update_validator/wronglang/bah/version.php
./lib/tests/fixtures/update_validator/wronglang/bah/lang/en/bah.php
./lib/tests/fixtures/update_validator/noversiontheme/noversion/lang/en/theme_noversion.php
./lib/tests/fixtures/update_validator/nolang/bah/index.php
./lib/tests/fixtures/update_validator/nolang/bah/view.php
./lib/tests/fixtures/update_validator/nolang/bah/version.php
./lib/tests/fixtures/update_validator/nolang/bah/lang/en/bah.php
./lib/tests/fixtures/update_validator/nolang/bah/lang/en/bleh.php
./lib/tests/fixtures/update_validator/nolang/bah/lib.php
./lib/tests/fixtures/update_validator/installed/greenbar/lang/en/local_greenbar.php
./lib/antivirus/clamav/lang/en/antivirus_clamav.php
./lib/adodb/lang/adodb-en.inc.php
./lib/editor/textarea/lang/en/editor_textarea.php
./lib/editor/atto/plugins/superscript/lang/en/atto_superscript.php
./lib/editor/atto/plugins/backcolor/lang/en/atto_backcolor.php
./lib/editor/atto/plugins/link/lang/en/atto_link.php
./lib/editor/atto/plugins/italic/lang/en/atto_italic.php
./lib/editor/atto/plugins/underline/lang/en/atto_underline.php
./lib/editor/atto/plugins/table/lang/en/atto_table.php
./lib/editor/atto/plugins/clear/lang/en/atto_clear.php
./lib/editor/atto/plugins/html/lang/en/atto_html.php
./lib/editor/atto/plugins/equation/lang/en/atto_equation.php
./lib/editor/atto/plugins/media/lang/en/atto_media.php
./lib/editor/atto/plugins/orderedlist/lang/en/atto_orderedlist.php
./lib/editor/atto/plugins/managefiles/lang/en/atto_managefiles.php
./lib/editor/atto/plugins/accessibilitychecker/lang/en/atto_accessibilitychecker.php
./lib/editor/atto/plugins/image/lang/en/atto_image.php
./lib/editor/atto/plugins/strike/lang/en/atto_strike.php
./lib/editor/atto/plugins/rtl/lang/en/atto_rtl.php
./lib/editor/atto/plugins/indent/lang/en/atto_indent.php
./lib/editor/atto/plugins/fontcolor/lang/en/atto_fontcolor.php
./lib/editor/atto/plugins/accessibilityhelper/lang/en/atto_accessibilityhelper.php
./lib/editor/atto/plugins/title/lang/en/atto_title.php
./lib/editor/atto/plugins/undo/lang/en/atto_undo.php
./lib/editor/atto/plugins/align/lang/en/atto_align.php
./lib/editor/atto/plugins/bold/lang/en/atto_bold.php
./lib/editor/atto/plugins/collapse/lang/en/atto_collapse.php
./lib/editor/atto/plugins/subscript/lang/en/atto_subscript.php
./lib/editor/atto/plugins/emoticon/lang/en/atto_emoticon.php
./lib/editor/atto/plugins/unorderedlist/lang/en/atto_unorderedlist.php
./lib/editor/atto/plugins/noautolink/lang/en/atto_noautolink.php
./lib/editor/atto/plugins/charmap/lang/en/atto_charmap.php
./lib/editor/atto/lang/en/editor_atto.php
./lib/editor/tinymce/cli/update_lang_files.php
./lib/editor/tinymce/plugins/ctrlhelp/lang/en/tinymce_ctrlhelp.php
./lib/editor/tinymce/plugins/spellchecker/lang/en/tinymce_spellchecker.php
./lib/editor/tinymce/plugins/moodlemedia/lang/en/tinymce_moodlemedia.php
./lib/editor/tinymce/plugins/moodleimage/lang/en/tinymce_moodleimage.php
./lib/editor/tinymce/plugins/managefiles/lang/en/tinymce_managefiles.php
./lib/editor/tinymce/plugins/pdw/lang/en/tinymce_pdw.php
./lib/editor/tinymce/plugins/moodleemoticon/lang/en/tinymce_moodleemoticon.php
./lib/editor/tinymce/plugins/wrap/lang/en/tinymce_wrap.php
./lib/editor/tinymce/plugins/moodlenolink/lang/en/tinymce_moodlenolink.php
./lib/editor/tinymce/lang/en/editor_tinymce.php
./search/engine/solr/lang/en/search_solr.php
./dataformat/csv/lang/en/dataformat_csv.php
./dataformat/html/lang/en/dataformat_html.php
./dataformat/excel/lang/en/dataformat_excel.php
./dataformat/json/lang/en/dataformat_json.php
./dataformat/ods/lang/en/dataformat_ods.php
./report/outline/lang/en/report_outline.php
./report/performance/lang/en/report_performance.php
./report/log/lang/en/report_log.php
./report/loglive/lang/en/report_loglive.php
./report/usersessions/lang/en/report_usersessions.php
./report/questioninstances/lang/en/report_questioninstances.php
./report/eventlist/lang/en/report_eventlist.php
./report/backups/lang/en/report_backups.php
./report/completion/lang/en/report_completion.php
./report/progress/lang/en/report_progress.php
./report/configlog/lang/en/report_configlog.php
./report/competency/lang/en/report_competency.php
./report/courseoverview/lang/en/report_courseoverview.php
./report/security/lang/en/report_security.php
./report/participation/lang/en/report_participation.php
./report/stats/lang/en/report_stats.php
./mnet/service/enrol/lang/en/mnetservice_enrol.php
